bash-2.02$ perl Makefile.PL PREFIX=/home/ianm/monsters/cgi-bin LIB=/home/ianm/monsters/cgi-bin/lib
perl Build.PL config=prefix=/home/ianm/monsters/cgi-bin lib=/home/ianm/monsters/cgi-bin/lib
Checking whether your kit is complete...
Looks good
Deleting Build
Removed previous script 'Build'
Creating new 'Build' script for 'DateTime-Format-Builder' version '0.7804'
bash-2.02$ make
/usr/local/perl-5.6.1/bin/perl Build
lib/DateTime/Format/Builder/Parser/generic.pm -> blib/lib/DateTime/Format/Builder/Parser/generic.pm
lib/DateTime/Format/Builder/Parser.pm -> blib/lib/DateTime/Format/Builder/Parser.pm
lib/DateTime/Format/Builder/Parser/Quick.pm -> blib/lib/DateTime/Format/Builder/Parser/Quick.pm
lib/DateTime/Format/Builder/Parser/Dispatch.pm -> blib/lib/DateTime/Format/Builder/Parser/Dispatch.pm
lib/DateTime/Format/Builder/Parser/Regex.pm -> blib/lib/DateTime/Format/Builder/Parser/Regex.pm
lib/DateTime/Format/Builder.pm -> blib/lib/DateTime/Format/Builder.pm
lib/DateTime/Format/Builder/Parser/Strptime.pm -> blib/lib/DateTime/Format/Builder/Parser/Strptime.pm
lib/DateTime/Format/Builder/Tutorial.pod -> blib/lib/DateTime/Format/Builder/Tutorial.pod
lib/DateTime/Format/Builder.pod -> blib/lib/DateTime/Format/Builder.pod
Manifying blib/lib/DateTime/Format/Builder/Parser/Quick.pm -> blib/libdoc/DateTime::Format::Builder::Parser::Quick.3
Use of uninitialized value in concatenation (.) or string at /usr/local/perl-5.6.1/lib/perl5/5.6.1/Pod/Man.pm line 581, <GEN12> line
 119.
Unknown escape E<> at /usr/local/lib/perl5/site_perl/5.005/Module/Build/Base.pm line 1414
Manifying blib/lib/DateTime/Format/Builder/Tutorial.pod -> blib/libdoc/DateTime::Format::Builder::Tutorial.3
Use of uninitialized value in concatenation (.) or string at /usr/local/perl-5.6.1/lib/perl5/5.6.1/Pod/Man.pm line 581, <GEN14> line
 300.
Unknown escape E<> at /usr/local/lib/perl5/site_perl/5.005/Module/Build/Base.pm line 1414
Manifying blib/lib/DateTime/Format/Builder/Parser/Dispatch.pm -> blib/libdoc/DateTime::Format::Builder::Parser::Dispatch.3
Use of uninitialized value in concatenation (.) or string at /usr/local/perl-5.6.1/lib/perl5/5.6.1/Pod/Man.pm line 581, <GEN16> line
 138.
Unknown escape E<> at /usr/local/lib/perl5/site_perl/5.005/Module/Build/Base.pm line 1414
Manifying blib/lib/DateTime/Format/Builder.pod -> blib/libdoc/DateTime::Format::Builder.3
Use of uninitialized value in concatenation (.) or string at /usr/local/perl-5.6.1/lib/perl5/5.6.1/Pod/Man.pm line 581, <GEN18> line
 673.
Unknown escape E<> at /usr/local/lib/perl5/site_perl/5.005/Module/Build/Base.pm line 1414
Manifying blib/lib/DateTime/Format/Builder/Parser/Regex.pm -> blib/libdoc/DateTime::Format::Builder::Parser::Regex.3
Use of uninitialized value in concatenation (.) or string at /usr/local/perl-5.6.1/lib/perl5/5.6.1/Pod/Man.pm line 581, <GEN20> line
 182.
Unknown escape E<> at /usr/local/lib/perl5/site_perl/5.005/Module/Build/Base.pm line 1414
Manifying blib/lib/DateTime/Format/Builder/Parser/Strptime.pm -> blib/libdoc/DateTime::Format::Builder::Parser::Strptime.3
Use of uninitialized value in concatenation (.) or string at /usr/local/perl-5.6.1/lib/perl5/5.6.1/Pod/Man.pm line 581, <GEN22> line
 107.
Unknown escape E<> at /usr/local/lib/perl5/site_perl/5.005/Module/Build/Base.pm line 1414
Manifying blib/lib/DateTime/Format/Builder/Parser.pm -> blib/libdoc/DateTime::Format::Builder::Parser.3
Use of uninitialized value in concatenation (.) or string at /usr/local/perl-5.6.1/lib/perl5/5.6.1/Pod/Man.pm line 581, <GEN24> line
 719.
Unknown escape E<> at /usr/local/lib/perl5/site_perl/5.005/Module/Build/Base.pm line 1414
Manifying blib/lib/DateTime/Format/Builder/Parser/generic.pm -> blib/libdoc/DateTime::Format::Builder::Parser::generic.3
Use of uninitialized value in concatenation (.) or string at /usr/local/perl-5.6.1/lib/perl5/5.6.1/Pod/Man.pm line 581, <GEN26> line
 208.
Unknown escape E<> at /usr/local/lib/perl5/site_perl/5.005/Module/Build/Base.pm line 1414
bash-2.02$ make test TEST_VERBOSE=1 >& errs
bash-2.02$ make install
/usr/local/perl-5.6.1/bin/perl Build install
Useless use of a variable in void context at /usr/local/perl-5.6.1/lib/perl5/5.6.1/ExtUtils/Install.pm line 267.
Warning: You do not have permissions to install into /usr/local/lib/perl5/site_perl/5.6.1 at /usr/local/perl-5.6.1/lib/perl5/5.6.1/E
xtUtils/Install.pm line 85.
mkdir /usr/local/lib/perl5/site_perl/5.6.1/DateTime: Permission denied at /usr/local/perl-5.6.1/lib/perl5/5.6.1/ExtUtils/Install.pm 
line 139
make: *** [install] Error 255
bash-2.02$ perl -V
Summary of my perl5 (revision 5.0 version 6 subversion 1) configuration:
  Platform:
    osname=solaris, osvers=2.6, archname=sun4-solaris
    uname='sunos ops-dev4 5.6 generic_105181-19 sun4u sparc sunw,ultrasparc-iii-cengine '
    config_args='-Dprefix=/usr/local/perl-5.6.1'
    hint=previous, useposix=true, d_sigaction=define
    usethreads=undef use5005threads=undef useithreads=undef usemultiplicity=undef
    useperlio=undef d_sfio=undef uselargefiles=define usesocks=undef
    use64bitint=undef use64bitall=undef uselongdouble=undef
  Compiler:
    cc='gcc', ccflags ='-fno-strict-aliasing -I/usr/local/include -D_LARGEFILE_SOURCE -D_FILE_OFFSET_BITS=64',
    optimize='-O',
    cppflags='-fno-strict-aliasing -I/usr/local/include -D_LARGEFILE_SOURCE -D_FILE_OFFSET_BITS=64'
    ccversion='', gccversion='2.95.3 20010315 (release)', gccosandvers='solaris2.8'
    intsize=4, longsize=4, ptrsize=4, doublesize=8, byteorder=4321
    d_longlong=define, longlongsize=8, d_longdbl=define, longdblsize=16
    ivtype='long', ivsize=4, nvtype='double', nvsize=8, Off_t='off_t', lseeksize=8
    alignbytes=8, usemymalloc=y, prototype=define
  Linker and Libraries:
    ld='gcc', ldflags =' -L/usr/local/lib '
    libpth=/usr/local/lib /usr/lib /usr/ccs/lib
    libs=-lsocket -lnsl -lgdbm -ldl -lm -lc
    perllibs=-lsocket -lnsl -ldl -lm -lc
    libc=/lib/libc.so, so=so, useshrplib=false, libperl=libperl.a
  Dynamic Linking:
    dlsrc=dl_dlopen.xs, dlext=so, d_dlsymun=undef, ccdlflags=' '
    cccdlflags='-fPIC', lddlflags='-G -L/usr/local/lib'


Characteristics of this binary (from libperl): 
  Compile-time options: USE_LARGE_FILES
  Built under solaris
  Compiled at May 12 2003 13:03:19
  %ENV:
    PERL5LIB="/home/ianm/monsters/cgi-bin/lib"
  @INC:
    /home/ianm/monsters/cgi-bin/lib/sun4-solaris
    /home/ianm/monsters/cgi-bin/lib
    /usr/local/perl-5.6.1/lib/perl5/5.6.1/sun4-solaris
    /usr/local/perl-5.6.1/lib/perl5/5.6.1
    /usr/local/lib/perl5/site_perl/5.6.1/sun4-solaris
    /usr/local/lib/perl5/site_perl/5.6.1
    /usr/local/lib/perl5/site_perl/5.005_old/sun4-solaris
    /usr/local/lib/perl5/site_perl/5.005_old
    /usr/local/lib/perl5/site_perl/5.005/sun4-solaris
    /usr/local/lib/perl5/site_perl/5.005
    /usr/local/lib/perl5/site_perl
    .
bash-2.02$ more errs
/usr/local/perl-5.6.1/bin/perl Build test
t/00sig.............ok, 1/1 skipped: Test::Signature not installed.
t/99pod.............skipped: Test::Pod 1.00 required for testing POD
t/altcon............Using /home/ianm/perl/DateTime-Format-Builder-0.7804/blib
ok
t/basic.............Using /home/ianm/perl/DateTime-Format-Builder-0.7804/blib
ok
t/clone.............Using /home/ianm/perl/DateTime-Format-Builder-0.7804/blib
ok
t/create............Using /home/ianm/perl/DateTime-Format-Builder-0.7804/blib
ok
t/dispatch..........Using /home/ianm/perl/DateTime-Format-Builder-0.7804/blib
ok
t/extra.............Using /home/ianm/perl/DateTime-Format-Builder-0.7804/blib
ok
t/fall..............Using /home/ianm/perl/DateTime-Format-Builder-0.7804/blib
ok, 3/4 skipped: DateTime::Format::HTTP DateTime::Format::Mail DateTime::Format::IBeat not installed.
t/import............Using /home/ianm/perl/DateTime-Format-Builder-0.7804/blib
ok
t/lengths...........Using /home/ianm/perl/DateTime-Format-Builder-0.7804/blib
ok
t/mergecb...........Using /home/ianm/perl/DateTime-Format-Builder-0.7804/blib
ok
t/newclass..........Using /home/ianm/perl/DateTime-Format-Builder-0.7804/blib
ok
t/nocon.............Using /home/ianm/perl/DateTime-Format-Builder-0.7804/blib
ok
t/noredef...........Using /home/ianm/perl/DateTime-Format-Builder-0.7804/blib
ok
t/on_fail...........Using /home/ianm/perl/DateTime-Format-Builder-0.7804/blib
ok
t/on_fail_regex.....Using /home/ianm/perl/DateTime-Format-Builder-0.7804/blib
ok
t/on_fail_sub.......Using /home/ianm/perl/DateTime-Format-Builder-0.7804/blib
ok
t/param.............Using /home/ianm/perl/DateTime-Format-Builder-0.7804/blib
ok
t/quick.............Using /home/ianm/perl/DateTime-Format-Builder-0.7804/blib
ok, 3/4 skipped: DateTime::Format::HTTP DateTime::Format::Mail DateTime::Format::IBeat not installed.
t/self..............Using /home/ianm/perl/DateTime-Format-Builder-0.7804/blib
ok
t/strptime..........Using /home/ianm/perl/DateTime-Format-Builder-0.7804/blib
ok
t/verbose...........Using /home/ianm/perl/DateTime-Format-Builder-0.7804/blib
ok, 4/5 skipped: This test requires perl 5.8
t/wholeclass........Using /home/ianm/perl/DateTime-Format-Builder-0.7804/blib
ok
All tests successful, 1 test and 11 subtests skipped.
Files=24, Tests=240, 23 wallclock secs (18.03 cusr +  3.16 csys = 21.19 CPU)
