Microsoft Windows 2000 [Version 5.00.2195]
(C) Copyright 1985-2000 Microsoft Corp.

###################################################################
##
##  Try nmake clean as suggested by Mark
##
###################################################################

C:\a\PAR-0.942>nmake clean

Microsoft (R) Program Maintenance Utility   Version 1.50
Copyright (c) Microsoft Corp 1988-94. All rights reserved.

NMAKE : fatal error U1073: don't know how to make 'clean'
Stop.

###################################################################
##
##  That didn't work so uninstall everything manually and start again
##
###################################################################

C:\a\PAR-0.942>ppm
PPM - Programmer's Package Manager version 3.4.
Copyright (c) 2001 ActiveState Software Inc.  All Rights Reserved.

Entering interactive shell. Using Term::ReadLine::Perl as readline lib
rary.

Type 'help' to get started.

ppm> uninstall PAR
====================
Remove 'PAR' version 0.90 from ActivePerl 5.8.8.817.
====================
unlink C:\Perl\bin\par.bat
unlink C:\Perl\bin\par.pl
unlink C:\Perl\bin\parl.exe
unlink C:\Perl\bin\parldyn.exe
unlink C:\Perl\bin\pp
unlink C:\Perl\bin\pp.bat
unlink C:\Perl\bin\tkpp
unlink C:\Perl\bin\tkpp.bat
unlink C:\Perl\html\bin\par.html
unlink C:\Perl\html\bin\pp.html
unlink C:\Perl\html\bin\tkpp.html
unlink C:\Perl\html\site\lib\App\Packer\PAR.html
unlink C:\Perl\html\site\lib\PAR.html
unlink C:\Perl\html\site\lib\PAR\FAQ.html
unlink C:\Perl\html\site\lib\PAR\Filter.html
unlink C:\Perl\html\site\lib\PAR\Filter\Bleach.html
unlink C:\Perl\html\site\lib\PAR\Filter\Bytecode.html
unlink C:\Perl\html\site\lib\PAR\Filter\Obfuscate.html
unlink C:\Perl\html\site\lib\PAR\Filter\PatchContent.html
unlink C:\Perl\html\site\lib\PAR\Filter\PodStrip.html
unlink C:\Perl\html\site\lib\PAR\Heavy.html
unlink C:\Perl\html\site\lib\PAR\Packer.html
unlink C:\Perl\html\site\lib\PAR\Tutorial.html
unlink C:\Perl\site\lib\App\Packer\PAR.pm
unlink C:\Perl\site\lib\PAR.pm
unlink C:\Perl\site\lib\PAR\FAQ.pod
unlink C:\Perl\site\lib\PAR\Filter.pm
unlink C:\Perl\site\lib\PAR\Filter\Bleach.pm
unlink C:\Perl\site\lib\PAR\Filter\Bytecode.pm
unlink C:\Perl\site\lib\PAR\Filter\Obfuscate.pm
unlink C:\Perl\site\lib\PAR\Filter\PatchContent.pm
unlink C:\Perl\site\lib\PAR\Filter\PodStrip.pm
unlink C:\Perl\site\lib\PAR\Heavy.pm
unlink C:\Perl\site\lib\PAR\Packer.pm
unlink C:\Perl\site\lib\PAR\Tutorial.pod
unlink C:\Perl\site\lib\auto\PAR\.packlist
Successfully removed PAR version 0.90 from ActivePerl 5.8.8.817.
ppm> dir C:\Perl\site\lib
Unknown command 'dir'; type 'help' for a list of commands.
ppm> q

C:\a\PAR-0.942>dir C:\Perl\site\lib
 Volume in drive C is ESOE_W2K
 Volume Serial Number is 0821-3524

 Directory of C:\Perl\site\lib

31/07/2006  10:58a      <DIR>          .
31/07/2006  10:58a      <DIR>          ..
27/07/2006  11:08p      <DIR>          ActivePerl
27/07/2006  11:08p      <DIR>          ActiveState
27/07/2006  11:08p      <DIR>          Apache
27/07/2006  11:17p      <DIR>          App
27/07/2006  11:08p      <DIR>          Archive
30/07/2006  03:13p      <DIR>          auto
27/07/2006  11:15p      <DIR>          Bundle
27/07/2006  11:08p      <DIR>          Compress
27/07/2006  11:08p      <DIR>          Data
27/07/2006  11:15p      <DIR>          DBD
27/07/2006  11:14p      <DIR>          DBI
14/12/2005  07:33a             281,782 DBI.pm
27/07/2006  11:08p      <DIR>          Digest
27/07/2006  11:15p      <DIR>          File
19/07/2003  03:39a               1,456 fix_4_os2.pl
27/07/2006  11:08p      <DIR>          Font
30/07/2006  03:13p      <DIR>          Getopt
27/07/2006  11:08p      <DIR>          HTML
27/07/2006  11:08p      <DIR>          HTTP
27/07/2006  11:08p      <DIR>          IO
27/07/2006  11:08p      <DIR>          LWP
08/12/2005  06:06a              22,085 LWP.pm
30/11/2004  05:33a               9,445 lwpcook.pod
30/11/2004  05:35a              26,295 lwptut.pod
27/11/2003  02:42a               1,195 MD5.pm
27/07/2006  11:16p      <DIR>          Module
27/07/2006  11:15p      <DIR>          MP3
27/07/2006  11:15p      <DIR>          Mysql
28/10/2003  03:32p              24,719 Mysql.pm
27/07/2006  11:08p      <DIR>          Net
02/02/2004  10:46p               4,541 OLE.pm
30/07/2006  03:14p      <DIR>          Parse
27/07/2006  11:08p      <DIR>          PerlEx
27/07/2006  11:08p      <DIR>          Pod
27/07/2006  11:08p      <DIR>          PPM
31/07/2006  10:58a      <DIR>          ppm-conf
13/11/2004  11:53a              15,555 Roadmap.pod
27/07/2006  11:08p      <DIR>          SOAP
27/07/2006  11:08p      <DIR>          Term
27/07/2006  11:08p      <DIR>          Text
27/07/2006  11:08p      <DIR>          Tie
28/07/2006  06:23p      <DIR>          Tk
02/11/2005  03:52a              18,676 Tk.pm
19/07/2003  03:39a               7,061 Tk.pod
27/07/2006  11:08p      <DIR>          UDDI
27/07/2006  11:08p      <DIR>          Unicode
27/07/2006  11:08p      <DIR>          URI
05/11/2004  08:17a              31,326 URI.pm
30/07/2006  03:14p      <DIR>          Win32
19/09/2005  01:49p               9,015 Win32.pm
27/07/2006  11:08p      <DIR>          Win32API
27/07/2006  11:08p      <DIR>          WWW
27/07/2006  11:08p      <DIR>          XML
27/07/2006  11:08p      <DIR>          XMLRPC
              13 File(s)        453,151 bytes
              43 Dir(s)  12,160,298,496 bytes free

###################################################################
##
##  All gone, I deleted manually anything PAR I could find.
##
###################################################################

C:\a\PAR-0.942>makefile.pl
*** Module::AutoInstall version 1.02
*** Checking for Perl dependencies...
[Core Features]
- File::Temp       ...loaded. (0.16 >= 0.05)
- Compress::Zlib   ...loaded. (1.41 >= 1.16)
- Archive::Zip     ...loaded. (1.16 >= 1)
- Module::ScanDeps ...loaded. (0.62 >= 0.62)
- PAR::Dist        ...missing. (would need 0.13)
- Getopt::ArgvFile ...loaded. (1.10 >= 1.07)
==> Auto-install the 1 mandatory module(s) from CPAN? [y] y
[Windows --icon and --info support]
- Parse::Binary    ...loaded. (0.10 >= 0.04)
- Win32::Exe       ...loaded. (0.09 >= 0.04)
*** Dependencies will be installed the next time you type 'nmake'.
*** Module::AutoInstall configuration finished.
*** Installing dependencies...
*** Installing PAR::Dist...
CPAN: Storable loaded ok
Going to read C:\Perl\cpan\Metadata
  Database was generated on Sat, 29 Jul 2006 08:31:55 GMT
Running install for module PAR::Dist
Running make for S/SM/SMUELLER/PAR-Dist-0.15.tar.gz
CPAN: Digest::MD5 loaded ok
Checksum for C:\Perl\cpan\sources\authors\id\S\SM\SMUELLER\PAR-Dist-0.
15.tar.gz ok
Scanning cache C:\Perl/cpan/build for sizes
CPAN: Archive::Tar loaded ok
PAR-Dist-0.15/
PAR-Dist-0.15/inc/
PAR-Dist-0.15/inc/Module/
PAR-Dist-0.15/inc/Module/Install.pm
PAR-Dist-0.15/inc/Module/Install/
PAR-Dist-0.15/inc/Module/Install/Fetch.pm
PAR-Dist-0.15/inc/Module/Install/Makefile.pm
PAR-Dist-0.15/inc/Module/Install/Base.pm
PAR-Dist-0.15/inc/Module/Install/Metadata.pm
PAR-Dist-0.15/inc/Module/Install/Can.pm
PAR-Dist-0.15/inc/Module/Install/WriteAll.pm
PAR-Dist-0.15/inc/Module/Install/Win32.pm
PAR-Dist-0.15/debian/
PAR-Dist-0.15/debian/copyright
PAR-Dist-0.15/debian/rules
PAR-Dist-0.15/debian/compat
PAR-Dist-0.15/debian/control
PAR-Dist-0.15/debian/changelog
PAR-Dist-0.15/Changes
PAR-Dist-0.15/t/
PAR-Dist-0.15/t/1-basic.t
PAR-Dist-0.15/MANIFEST
PAR-Dist-0.15/META.yml
PAR-Dist-0.15/lib/
PAR-Dist-0.15/lib/PAR/
PAR-Dist-0.15/lib/PAR/Dist.pm
PAR-Dist-0.15/Makefile.PL
PAR-Dist-0.15/README
Removing previously used C:\Perl\cpan\build\PAR-Dist-0.15

  CPAN.pm: Going to build S/SM/SMUELLER/PAR-Dist-0.15.tar.gz

Checking if your kit is complete...
Looks good
Writing Makefile for PAR::Dist
cp lib/PAR/Dist.pm blib\lib\PAR\Dist.pm
  nmake  -- OK
Running make test
        C:\Perl\bin\perl.exe "-MExtUtils::Command::MM" "-e" "test_harn
ess(0, 'inc', 'blib\lib', 'blib\arch')" t/*.t


t/1-basic....ok
All tests successful.
Files=1, Tests=1,  0 wallclock secs ( 0.00 cusr +  0.00 csys =  0.00 C
PU)
  nmake test -- OK
Running make install
Installing C:\Perl\html\site\lib\PAR\Dist.html
Installing C:\Perl\site\lib\PAR\Dist.pm
Appending installation info to C:\Perl\lib/perllocal.pod
  nmake install UNINST=1 -- OK
*** PAR::Dist successfully installed.
*** Module::AutoInstall installation finished.
Fetching 'PAR-0.942-MSWin32-x86-multi-thread-5.8.8.par' from www.cpan.
org... Writing Makefile for PAR

C:\a\PAR-0.942>dir
 Volume in drive C is ESOE_W2K
 Volume Serial Number is 0821-3524

 Directory of C:\a\PAR-0.942

30/07/2006  03:10p      <DIR>          .
30/07/2006  03:10p      <DIR>          ..
27/06/2006  09:14p               3,451 AUTHORS
23/07/2006  03:58a              30,489 ChangeLog
30/07/2006  03:10p      <DIR>          contrib
30/07/2006  03:10p      <DIR>          inc
30/07/2006  03:10p      <DIR>          lib
23/07/2006  03:58a               3,794 Makefile.PL
23/07/2006  05:57a               1,666 MANIFEST
27/06/2006  09:14p                 359 MANIFEST.SKIP
23/07/2006  05:56a                 427 META.yml
30/07/2006  03:14p      <DIR>          myldr
27/06/2006  09:14p               5,677 README
30/07/2006  03:10p      <DIR>          script
23/07/2006  05:57a               5,764 SIGNATURE
30/07/2006  03:10p      <DIR>          t
27/06/2006  09:14p               1,365 TODO
               9 File(s)         52,992 bytes
               8 Dir(s)  12,152,141,312 bytes free

###################################################################
##
##  No MAKEFILE, try again.
##
###################################################################

C:\a\PAR-0.942>makefile.pl
*** Module::AutoInstall version 1.02
*** Checking for Perl dependencies...
[Core Features]
- File::Temp       ...loaded. (0.16 >= 0.05)
- Compress::Zlib   ...loaded. (1.41 >= 1.16)
- Archive::Zip     ...loaded. (1.16 >= 1)
- Module::ScanDeps ...loaded. (0.62 >= 0.62)
- PAR::Dist        ...loaded. (0.15 >= 0.13)
- Getopt::ArgvFile ...loaded. (1.10 >= 1.07)
[Windows --icon and --info support]
- Parse::Binary    ...loaded. (0.10 >= 0.04)
- Win32::Exe       ...loaded. (0.09 >= 0.04)
*** Module::AutoInstall configuration finished.
Fetching 'PAR-0.942-MSWin32-x86-multi-thread-5.8.8.par' from www.cpan.
org... Fetching failed:
No compiler found, won't generate 'script/parl.exe'!
Checking if your kit is complete...
Looks good
Writing Makefile for PAR

C:\a\PAR-0.942>dir
 Volume in drive C is ESOE_W2K
 Volume Serial Number is 0821-3524

 Directory of C:\a\PAR-0.942

31/07/2006  11:04a      <DIR>          .
31/07/2006  11:04a      <DIR>          ..
27/06/2006  09:14p               3,451 AUTHORS
23/07/2006  03:58a              30,489 ChangeLog
30/07/2006  03:10p      <DIR>          contrib
30/07/2006  03:10p      <DIR>          inc
30/07/2006  03:10p      <DIR>          lib
31/07/2006  11:04a              31,561 Makefile
23/07/2006  03:58a               3,794 Makefile.PL
23/07/2006  05:57a               1,666 MANIFEST
27/06/2006  09:14p                 359 MANIFEST.SKIP
23/07/2006  05:56a                 427 META.yml
31/07/2006  11:01a      <DIR>          myldr
27/06/2006  09:14p               5,677 README
30/07/2006  03:10p      <DIR>          script
23/07/2006  05:57a               5,764 SIGNATURE
30/07/2006  03:10p      <DIR>          t
27/06/2006  09:14p               1,365 TODO
              10 File(s)         84,553 bytes
               8 Dir(s)  12,152,107,008 bytes free

C:\a\PAR-0.942>nmake

Microsoft (R) Program Maintenance Utility   Version 1.50
Copyright (c) Microsoft Corp 1988-94. All rights reserved.

         C:\Perl\bin\perl.exe -Minc::Module::Install -e "extract_par(q
(PAR-0.942-MSWin32-x86-multi-thread-5.8.8.par))"
cp lib/App/Packer/PAR.pm blib\lib\App\Packer\PAR.pm
cp lib/PAR/Packer.pm blib\lib\PAR\Packer.pm
cp lib/PAR/Filter/Obfuscate.pm blib\lib\PAR\Filter\Obfuscate.pm
cp lib/PAR/Filter/PodStrip.pm blib\lib\PAR\Filter\PodStrip.pm
cp lib/PAR/Filter.pm blib\lib\PAR\Filter.pm
cp lib/PAR.pm blib\lib\PAR.pm
cp lib/PAR/Filter/PatchContent.pm blib\lib\PAR\Filter\PatchContent.pm
cp lib/PAR/Filter/Bytecode.pm blib\lib\PAR\Filter\Bytecode.pm
cp lib/PAR/Tutorial.pod blib\lib\PAR\Tutorial.pod
cp lib/PAR/FAQ.pod blib\lib\PAR\FAQ.pod
cp lib/PAR/Heavy.pm blib\lib\PAR\Heavy.pm
cp lib/PAR/Filter/Bleach.pm blib\lib\PAR\Filter\Bleach.pm
        C:\Perl\bin\perl.exe "-Iinc" -MExtUtils::Command -e cp script/
tkpp blib\script\tkpp
        pl2bat.bat blib\script\tkpp
        C:\Perl\bin\perl.exe "-Iinc" -MExtUtils::Command -e cp script/
pp blib\script\pp
        pl2bat.bat blib\script\pp
        C:\Perl\bin\perl.exe "-Iinc" -MExtUtils::Command -e cp script/
par.pl blib\script\par.pl
        pl2bat.bat blib\script\par.pl

C:\a\PAR-0.942>nmake test

Microsoft (R) Program Maintenance Utility   Version 1.50
Copyright (c) Microsoft Corp 1988-94. All rights reserved.

        C:\Perl\bin\perl.exe "-Iinc" -MExtUtils::Command -e cp script/
tkpp blib\script\tkpp
        pl2bat.bat blib\script\tkpp
        C:\Perl\bin\perl.exe "-Iinc" -MExtUtils::Command -e cp script/
pp blib\script\pp
        pl2bat.bat blib\script\pp
        C:\Perl\bin\perl.exe "-Iinc" -MExtUtils::Command -e cp script/
par.pl blib\script\par.pl
        pl2bat.bat blib\script\par.pl
        C:\Perl\bin\perl.exe "-MExtUtils::Command::MM" "-e" "test_harn
ess(0, 'inc', 'blib\lib', 'blib\arch')" t/1-basic.t t/2-pp.t t/30-curr
ent_exec.t



t/1-basic............ok
t/2-pp...............skipped
        all skipped: 'parl' not found


t/30-current_exec....dubious
        Test returned status 255 (wstat 65280, 0xff00)
DIED. FAILED tests 1-4
        Failed 4/4 tests, 0.00% okay
Failed Test         Stat Wstat Total Fail  Failed  List of Failed
----------------------------------------------------------------------
---------
t/30-current_exec.t  255 65280     4    7 175.00%  1-4
1 test skipped.
NMAKE : fatal error U1077: 'C:\WINNT\system32\cmd.exe' : return code '
0xff'
Stop.

###################################################################
##
##  That last bit didn't look too good, but I'll try nmake install anyway
##
###################################################################

C:\a\PAR-0.942>nmake install

Microsoft (R) Program Maintenance Utility   Version 1.50
Copyright (c) Microsoft Corp 1988-94. All rights reserved.

         C:\Perl\bin\perl.exe -Minc::Module::Install -e "extract_par(q
(PAR-0.942-MSWin32-x86-multi-thread-5.8.8.par))"
        C:\Perl\bin\perl.exe "-Iinc" -MExtUtils::Command -e cp script/
tkpp blib\script\tkpp
        pl2bat.bat blib\script\tkpp
        C:\Perl\bin\perl.exe "-Iinc" -MExtUtils::Command -e cp script/
pp blib\script\pp
        pl2bat.bat blib\script\pp
        C:\Perl\bin\perl.exe "-Iinc" -MExtUtils::Command -e cp script/
par.pl blib\script\par.pl
        pl2bat.bat blib\script\par.pl
Installing C:\Perl\html\bin\par.html
Installing C:\Perl\html\bin\pp.html
Installing C:\Perl\html\bin\tkpp.html
Installing C:\Perl\html\site\lib\PAR.html
Installing C:\Perl\html\site\lib\App\Packer\PAR.html
Installing C:\Perl\html\site\lib\PAR\FAQ.html
Installing C:\Perl\html\site\lib\PAR\Filter.html
Installing C:\Perl\html\site\lib\PAR\Heavy.html
Installing C:\Perl\html\site\lib\PAR\Packer.html
Installing C:\Perl\html\site\lib\PAR\Tutorial.html
Installing C:\Perl\html\site\lib\PAR\Filter\Bleach.html
Installing C:\Perl\html\site\lib\PAR\Filter\Bytecode.html
Installing C:\Perl\html\site\lib\PAR\Filter\Obfuscate.html
Installing C:\Perl\html\site\lib\PAR\Filter\PatchContent.html
Installing C:\Perl\html\site\lib\PAR\Filter\PodStrip.html
Installing C:\Perl\site\lib\PAR.pm
Installing C:\Perl\site\lib\App\Packer\PAR.pm
Installing C:\Perl\site\lib\PAR\FAQ.pod
Installing C:\Perl\site\lib\PAR\Filter.pm
Installing C:\Perl\site\lib\PAR\Heavy.pm
Installing C:\Perl\site\lib\PAR\Packer.pm
Installing C:\Perl\site\lib\PAR\Tutorial.pod
Installing C:\Perl\site\lib\PAR\Filter\Bleach.pm
Installing C:\Perl\site\lib\PAR\Filter\Bytecode.pm
Installing C:\Perl\site\lib\PAR\Filter\Obfuscate.pm
Installing C:\Perl\site\lib\PAR\Filter\PatchContent.pm
Installing C:\Perl\site\lib\PAR\Filter\PodStrip.pm
Installing C:\Perl\bin\par.bat
Installing C:\Perl\bin\par.pl
Installing C:\Perl\bin\pp
Installing C:\Perl\bin\pp.bat
Installing C:\Perl\bin\tkpp
Installing C:\Perl\bin\tkpp.bat
Appending installation info to C:\Perl\lib/perllocal.pod

C:\a\PAR-0.942>cd \perl\site\lib

C:\Perl\site\lib>dir
 Volume in drive C is ESOE_W2K
 Volume Serial Number is 0821-3524

 Directory of C:\Perl\site\lib

31/07/2006  11:06a      <DIR>          .
31/07/2006  11:06a      <DIR>          ..
27/07/2006  11:08p      <DIR>          ActivePerl
27/07/2006  11:08p      <DIR>          ActiveState
27/07/2006  11:08p      <DIR>          Apache
27/07/2006  11:17p      <DIR>          App
27/07/2006  11:08p      <DIR>          Archive
30/07/2006  03:13p      <DIR>          auto
27/07/2006  11:15p      <DIR>          Bundle
27/07/2006  11:08p      <DIR>          Compress
27/07/2006  11:08p      <DIR>          Data
27/07/2006  11:15p      <DIR>          DBD
27/07/2006  11:14p      <DIR>          DBI
14/12/2005  07:33a             281,782 DBI.pm
27/07/2006  11:08p      <DIR>          Digest
27/07/2006  11:15p      <DIR>          File
19/07/2003  03:39a               1,456 fix_4_os2.pl
27/07/2006  11:08p      <DIR>          Font
30/07/2006  03:13p      <DIR>          Getopt
27/07/2006  11:08p      <DIR>          HTML
27/07/2006  11:08p      <DIR>          HTTP
27/07/2006  11:08p      <DIR>          IO
27/07/2006  11:08p      <DIR>          LWP
08/12/2005  06:06a              22,085 LWP.pm
30/11/2004  05:33a               9,445 lwpcook.pod
30/11/2004  05:35a              26,295 lwptut.pod
27/11/2003  02:42a               1,195 MD5.pm
27/07/2006  11:16p      <DIR>          Module
27/07/2006  11:15p      <DIR>          MP3
27/07/2006  11:15p      <DIR>          Mysql
28/10/2003  03:32p              24,719 Mysql.pm
27/07/2006  11:08p      <DIR>          Net
02/02/2004  10:46p               4,541 OLE.pm
31/07/2006  11:06a      <DIR>          PAR
23/07/2006  03:53a              18,866 PAR.pm
30/07/2006  03:14p      <DIR>          Parse
27/07/2006  11:08p      <DIR>          PerlEx
27/07/2006  11:08p      <DIR>          Pod
27/07/2006  11:08p      <DIR>          PPM
31/07/2006  10:58a      <DIR>          ppm-conf
13/11/2004  11:53a              15,555 Roadmap.pod
27/07/2006  11:08p      <DIR>          SOAP
27/07/2006  11:08p      <DIR>          Term
27/07/2006  11:08p      <DIR>          Text
27/07/2006  11:08p      <DIR>          Tie
28/07/2006  06:23p      <DIR>          Tk
02/11/2005  03:52a              18,676 Tk.pm
19/07/2003  03:39a               7,061 Tk.pod
27/07/2006  11:08p      <DIR>          UDDI
27/07/2006  11:08p      <DIR>          Unicode
27/07/2006  11:08p      <DIR>          URI
05/11/2004  08:17a              31,326 URI.pm
30/07/2006  03:14p      <DIR>          Win32
19/09/2005  01:49p               9,015 Win32.pm
27/07/2006  11:08p      <DIR>          Win32API
27/07/2006  11:08p      <DIR>          WWW
27/07/2006  11:08p      <DIR>          XML
27/07/2006  11:08p      <DIR>          XMLRPC
              14 File(s)        472,017 bytes
              44 Dir(s)  12,151,204,864 bytes free



Microsoft Windows 2000 [Version 5.00.2195]
(C) Copyright 1985-2000 Microsoft Corp.

C:\data\perl\dbcompare\_in_progress>dir
 Volume in drive C is ESOE_W2K
 Volume Serial Number is 0821-3524

 Directory of C:\data\perl\dbcompare\_in_progress

30/07/2006  07:20p      <DIR>          .
30/07/2006  07:20p      <DIR>          ..
03/02/2006  05:07p      <DIR>          data
30/07/2006  07:28p             121,556 dbcompare.pl
03/12/2005  12:48a               8,928 dbcompare_userguide.html
28/07/2006  12:57p                  68 dbexetest.bat
28/07/2006  12:19p                 797 dbexetest_p2e.bat
01/02/2006  01:58a           1,807,619 debug_no_utf_comments.txt
01/02/2006  01:54a           1,805,509 debug_with_utf_comments.txt
03/02/2006  05:07p      <DIR>          doc
08/12/2005  11:27p               9,735 index.html
27/06/2006  04:37p               1,226 test.pl
               8 File(s)      3,755,438 bytes
               4 Dir(s)  12,153,592,832 bytes free

C:\data\perl\dbcompare\_in_progress>pp -o dbcompare.exe dbcompare.pl
Can't find par loader at C:/Perl/site/lib/PAR/Packer.pm line 101.


###################################################################
##
##  that didn't work, so remove PAR and PAR::Dist and start again
##  this time, install PAR-Dist first manually.
##
##  I have deleted the untar'ed PAR directory and re-extracted 
##  to get a clean start.
##
###################################################################


C:\Perl>set HTTP_proxy=

C:\Perl>ppm
PPM - Programmer's Package Manager version 3.4.
Copyright (c) 2001 ActiveState Software Inc.  All Rights Reserved.

Entering interactive shell. Using Term::ReadLine::Perl as readline lib
rary.

Type 'help' to get started.

ppm> uninstall par-dist
====================
Remove 'par-dist' version 0.10 from ActivePerl 5.8.8.817.
====================
unlink C:\Perl\html\site\lib\PAR\Dist.html
unlink C:\Perl\site\lib\PAR\Dist.pm
unlink C:\Perl\site\lib\auto\PAR\Dist\.packlist
Successfully removed par-dist version 0.10 from ActivePerl 5.8.8.817.
ppm> install par-dist
====================
Install 'par-dist' version 0.10 in ActivePerl 5.8.8.817.
====================
Transferring data: 739/6664 bytes.
Transferring data: 3795/6664 bytes.
Downloaded 6664 bytes.


Extracting 1/5: blib/lib/PAR/.exists
Extracting 2/5: blib/lib/PAR/Dist.pm
Extracting 3/5: blib/lib/auto/PAR/Dist/.exists
Extracting 4/5: blib/html/site/lib/PAR/Dist.html
Extracting 5/5: blib/arch/auto/PAR/Dist/.exists

Installing C:\Perl\html\site\lib\PAR\Dist.html
Installing C:\Perl\site\lib\PAR\Dist.pm
Successfully installed par-dist version 0.10 in ActivePerl 5.8.8.817.
ppm>


C:\a\PAR-0.942>makefile.pl
*** Module::AutoInstall version 1.02
*** Checking for Perl dependencies...
[Core Features]
- File::Temp       ...loaded. (0.16 >= 0.05)
- Compress::Zlib   ...loaded. (1.41 >= 1.16)
- Archive::Zip     ...loaded. (1.16 >= 1)
- Module::ScanDeps ...loaded. (0.62 >= 0.62)
- PAR::Dist        ...missing. (would need 0.13)
- Getopt::ArgvFile ...loaded. (1.10 >= 1.07)
==> Auto-install the 1 mandatory module(s) from CPAN? [y]

###################################################################
##
##  Bugger, it looks like the one from ppm is too low a revision
##  sure enough...  $VERSION    = '0.10';
## 
##  So I'll let makefile install it and we'll see what happens...
##
###################################################################

[Windows --icon and --info support]
- Parse::Binary    ...loaded. (0.10 >= 0.04)
- Win32::Exe       ...loaded. (0.09 >= 0.04)
*** Dependencies will be installed the next time you type 'nmake'.
*** Module::AutoInstall configuration finished.
*** Installing dependencies...
*** Installing PAR::Dist...
CPAN: Storable loaded ok
Going to read C:\Perl\cpan\Metadata
  Database was generated on Sat, 29 Jul 2006 08:31:55 GMT
Running install for module PAR::Dist
Running make for S/SM/SMUELLER/PAR-Dist-0.15.tar.gz
CPAN: Digest::MD5 loaded ok
Checksum for C:\Perl\cpan\sources\authors\id\S\SM\SMUELLER\PAR-Dist-0
15.tar.gz ok
Scanning cache C:\Perl/cpan/build for sizes
CPAN: Archive::Tar loaded ok
PAR-Dist-0.15/
PAR-Dist-0.15/inc/
PAR-Dist-0.15/inc/Module/
PAR-Dist-0.15/inc/Module/Install.pm
PAR-Dist-0.15/inc/Module/Install/
PAR-Dist-0.15/inc/Module/Install/Fetch.pm
PAR-Dist-0.15/inc/Module/Install/Makefile.pm
PAR-Dist-0.15/inc/Module/Install/Base.pm
PAR-Dist-0.15/inc/Module/Install/Metadata.pm
PAR-Dist-0.15/inc/Module/Install/Can.pm
PAR-Dist-0.15/inc/Module/Install/WriteAll.pm
PAR-Dist-0.15/inc/Module/Install/Win32.pm
PAR-Dist-0.15/debian/
PAR-Dist-0.15/debian/copyright
PAR-Dist-0.15/debian/rules
PAR-Dist-0.15/debian/compat
PAR-Dist-0.15/debian/control
PAR-Dist-0.15/debian/changelog
PAR-Dist-0.15/Changes
PAR-Dist-0.15/t/
PAR-Dist-0.15/t/1-basic.t
PAR-Dist-0.15/MANIFEST
PAR-Dist-0.15/META.yml
PAR-Dist-0.15/lib/
PAR-Dist-0.15/lib/PAR/
PAR-Dist-0.15/lib/PAR/Dist.pm
PAR-Dist-0.15/Makefile.PL
PAR-Dist-0.15/README
Removing previously used C:\Perl\cpan\build\PAR-Dist-0.15

  CPAN.pm: Going to build S/SM/SMUELLER/PAR-Dist-0.15.tar.gz

Checking if your kit is complete...
Looks good
Writing Makefile for PAR::Dist
cp lib/PAR/Dist.pm blib\lib\PAR\Dist.pm
  nmake  -- OK
Running make test
        C:\Perl\bin\perl.exe "-MExtUtils::Command::MM" "-e" "test_har
ess(0, 'inc', 'blib\lib', 'blib\arch')" t/*.t


t/1-basic....ok
All tests successful.
Files=1, Tests=1,  0 wallclock secs ( 0.00 cusr +  0.00 csys =  0.00
PU)
  nmake test -- OK
Running make install
Installing C:\Perl\html\site\lib\PAR\Dist.html
Installing C:\Perl\site\lib\PAR\Dist.pm
Appending installation info to C:\Perl\lib/perllocal.pod
  nmake install UNINST=1 -- OK
*** PAR::Dist successfully installed.
*** Module::AutoInstall installation finished.
Fetching 'PAR-0.942-MSWin32-x86-multi-thread-5.8.8.par' from www.cpan
org... done!
Writing Makefile for PAR

C:\a\PAR-0.942>dir
 Volume in drive C is ESOE_W2K
 Volume Serial Number is 0821-3524

 Directory of C:\a\PAR-0.942

31/07/2006  11:16a      <DIR>          .
31/07/2006  11:16a      <DIR>          ..
27/06/2006  09:14p               3,451 AUTHORS
23/07/2006  03:58a              30,489 ChangeLog
31/07/2006  11:16a      <DIR>          contrib
31/07/2006  11:16a      <DIR>          inc
31/07/2006  11:16a      <DIR>          lib
23/07/2006  03:58a               3,794 Makefile.PL
23/07/2006  05:57a               1,666 MANIFEST
27/06/2006  09:14p                 359 MANIFEST.SKIP
23/07/2006  05:56a                 427 META.yml
31/07/2006  11:16a      <DIR>          myldr
27/06/2006  09:14p               5,677 README
31/07/2006  11:16a      <DIR>          script
23/07/2006  05:57a               5,764 SIGNATURE
31/07/2006  11:16a      <DIR>          t
27/06/2006  09:14p               1,365 TODO
               9 File(s)         52,992 bytes
               8 Dir(s)  12,155,411,968 bytes free



###################################################################
##
##  No makefile - sorry Steffen, looks like your makefile.pl
##  needs some tweaking
##
##  This is heading in the same direction as last time, so
##  I will start with a clean untar'ed directory again
##
###################################################################


C:\a\PAR-0.942>dir
 Volume in drive C is ESOE_W2K
 Volume Serial Number is 0821-3524

 Directory of C:\a\PAR-0.942

31/07/2006  11:35a      <DIR>          .
31/07/2006  11:35a      <DIR>          ..
27/06/2006  09:14p               3,451 AUTHORS
23/07/2006  03:58a              30,489 ChangeLog
31/07/2006  11:35a      <DIR>          contrib
31/07/2006  11:35a      <DIR>          inc
31/07/2006  11:35a      <DIR>          lib
23/07/2006  03:58a               3,794 Makefile.PL
23/07/2006  05:57a               1,666 MANIFEST
27/06/2006  09:14p                 359 MANIFEST.SKIP
23/07/2006  05:56a                 427 META.yml
31/07/2006  11:35a      <DIR>          myldr
27/06/2006  09:14p               5,677 README
31/07/2006  11:35a      <DIR>          script
23/07/2006  05:57a               5,764 SIGNATURE
31/07/2006  11:35a      <DIR>          t
27/06/2006  09:14p               1,365 TODO
               9 File(s)         52,992 bytes
               8 Dir(s)  12,156,275,200 bytes free

C:\a\PAR-0.942>makefile.pl
*** Module::AutoInstall version 1.02
*** Checking for Perl dependencies...
[Core Features]
- File::Temp       ...loaded. (0.16 >= 0.05)
- Compress::Zlib   ...loaded. (1.41 >= 1.16)
- Archive::Zip     ...loaded. (1.16 >= 1)
- Module::ScanDeps ...loaded. (0.62 >= 0.62)
- PAR::Dist        ...loaded. (0.15 >= 0.13)
- Getopt::ArgvFile ...loaded. (1.10 >= 1.07)
[Windows --icon and --info support]
- Parse::Binary    ...loaded. (0.10 >= 0.04)
- Win32::Exe       ...loaded. (0.09 >= 0.04)
*** Module::AutoInstall configuration finished.
Fetching 'PAR-0.942-MSWin32-x86-multi-thread-5.8.8.par' from www.cpan.
org... done!
Checking if your kit is complete...
Looks good
Writing Makefile for PAR

C:\a\PAR-0.942>dir
 Volume in drive C is ESOE_W2K
 Volume Serial Number is 0821-3524

 Directory of C:\a\PAR-0.942

31/07/2006  11:36a      <DIR>          .
31/07/2006  11:36a      <DIR>          ..
27/06/2006  09:14p               3,451 AUTHORS
23/07/2006  03:58a              30,489 ChangeLog
31/07/2006  11:35a      <DIR>          contrib
31/07/2006  11:35a      <DIR>          inc
31/07/2006  11:35a      <DIR>          lib
31/07/2006  11:36a              31,872 Makefile
23/07/2006  03:58a               3,794 Makefile.PL
23/07/2006  05:57a               1,666 MANIFEST
27/06/2006  09:14p                 359 MANIFEST.SKIP
23/07/2006  05:56a                 427 META.yml
31/07/2006  11:36a      <DIR>          myldr
23/07/2006  05:04a             976,611 PAR-0.942-MSWin32-x86-multi-thr
ead-5.8.8.par
27/06/2006  09:14p               5,677 README
31/07/2006  11:35a      <DIR>          script
23/07/2006  05:57a               5,764 SIGNATURE
31/07/2006  11:35a      <DIR>          t
27/06/2006  09:14p               1,365 TODO
              11 File(s)      1,061,475 bytes
               8 Dir(s)  12,155,263,488 bytes free

C:\a\PAR-0.942>nmake

Microsoft (R) Program Maintenance Utility   Version 1.50
Copyright (c) Microsoft Corp 1988-94. All rights reserved.

         C:\Perl\bin\perl.exe -Minc::Module::Install -e "extract_par(q
(PAR-0.942-MSWin32-x86-multi-thread-5.8.8.par))"
        C:\Perl\bin\perl.exe "-Iinc" -MExtUtils::Command -e cp script/
tkpp blib\script\tkpp
        pl2bat.bat blib\script\tkpp
        C:\Perl\bin\perl.exe "-Iinc" -MExtUtils::Command -e cp script/
pp blib\script\pp
        pl2bat.bat blib\script\pp
        C:\Perl\bin\perl.exe "-Iinc" -MExtUtils::Command -e cp script/
par.pl blib\script\par.pl
        pl2bat.bat blib\script\par.pl

C:\a\PAR-0.942>nmake test

Microsoft (R) Program Maintenance Utility   Version 1.50
Copyright (c) Microsoft Corp 1988-94. All rights reserved.

        C:\Perl\bin\perl.exe "-Iinc" -MExtUtils::Command -e cp script/
tkpp blib\script\tkpp
        pl2bat.bat blib\script\tkpp
        C:\Perl\bin\perl.exe "-Iinc" -MExtUtils::Command -e cp script/
pp blib\script\pp
        pl2bat.bat blib\script\pp
        C:\Perl\bin\perl.exe "-Iinc" -MExtUtils::Command -e cp script/
par.pl blib\script\par.pl
        pl2bat.bat blib\script\par.pl
        C:\Perl\bin\perl.exe "-MExtUtils::Command::MM" "-e" "test_harn
ess(0, 'inc', 'blib\lib', 'blib\arch')" t/1-basic.t t/2-pp.t t/30-curr
ent_exec.t



t/1-basic............ok


###################################################################
##
## lots of 't/n blah' lines that appear then remove themselves
## when the next line comes up
##
###################################################################



t/2-pp...............dubious
        Test returned status 1 (wstat 256, 0x100)
DIED. FAILED test 7
        Failed 1/34 tests, 97.06% okay




t/30-current_exec....ok
        1/4 skipped: Inline::C not installed; Can't verify with execvp

Failed Test Stat Wstat Total Fail  Failed  List of Failed
----------------------------------------------------------------------
---------
t/2-pp.t       1   256    34    1   2.94%  7
1 subtest skipped.
NMAKE : fatal error U1077: 'C:\WINNT\system32\cmd.exe' : return code '
0xff'
Stop.


###################################################################
##
## Hmmm...  I'm an optomist, I'll try it anyway.
##
###################################################################


C:\a\PAR-0.942>nmake install

Microsoft (R) Program Maintenance Utility   Version 1.50
Copyright (c) Microsoft Corp 1988-94. All rights reserved.

         C:\Perl\bin\perl.exe -Minc::Module::Install -e "extract_par(q
(PAR-0.942-MSWin32-x86-multi-thread-5.8.8.par))"
        C:\Perl\bin\perl.exe "-Iinc" -MExtUtils::Command -e cp script/
tkpp blib\script\tkpp
        pl2bat.bat blib\script\tkpp
        C:\Perl\bin\perl.exe "-Iinc" -MExtUtils::Command -e cp script/
pp blib\script\pp
        pl2bat.bat blib\script\pp
        C:\Perl\bin\perl.exe "-Iinc" -MExtUtils::Command -e cp script/
par.pl blib\script\par.pl
        pl2bat.bat blib\script\par.pl
Installing C:\Perl\site\lib\PAR.pm
Installing C:\Perl\site\lib\App\Packer\PAR.pm
Installing C:\Perl\site\lib\PAR\FAQ.pod
Installing C:\Perl\site\lib\PAR\Filter.pm
Installing C:\Perl\site\lib\PAR\Heavy.pm
Installing C:\Perl\site\lib\PAR\Packer.pm
Installing C:\Perl\site\lib\PAR\Tutorial.pod
Installing C:\Perl\site\lib\PAR\Filter\Bleach.pm
Installing C:\Perl\site\lib\PAR\Filter\Bytecode.pm
Installing C:\Perl\site\lib\PAR\Filter\Obfuscate.pm
Installing C:\Perl\site\lib\PAR\Filter\PatchContent.pm
Installing C:\Perl\site\lib\PAR\Filter\PodStrip.pm
Installing C:\Perl\bin\par.bat
Installing C:\Perl\bin\par.pl
Installing C:\Perl\bin\parl.exe
Installing C:\Perl\bin\parldyn.exe
Installing C:\Perl\bin\pp
Installing C:\Perl\bin\pp.bat
Appending installation info to C:\Perl\lib/perllocal.pod

C:\a\PAR-0.942>cd C:\data\perl\dbcompare\_in_progress\

C:\data\perl\dbcompare\_in_progress>dir
 Volume in drive C is ESOE_W2K
 Volume Serial Number is 0821-3524

 Directory of C:\data\perl\dbcompare\_in_progress

30/07/2006  07:20p      <DIR>          .
30/07/2006  07:20p      <DIR>          ..
03/02/2006  05:07p      <DIR>          data
30/07/2006  07:28p             121,556 dbcompare.pl
03/12/2005  12:48a               8,928 dbcompare_userguide.html
28/07/2006  12:57p                  68 dbexetest.bat
28/07/2006  12:19p                 797 dbexetest_p2e.bat
01/02/2006  01:58a           1,807,619 debug_no_utf_comments.txt
01/02/2006  01:54a           1,805,509 debug_with_utf_comments.txt
03/02/2006  05:07p      <DIR>          doc
08/12/2005  11:27p               9,735 index.html
27/06/2006  04:37p               1,226 test.pl
               8 File(s)      3,755,438 bytes
               4 Dir(s)  12,179,533,824 bytes free

C:\data\perl\dbcompare\_in_progress>pp -o dbcompare.exe dbcompare.pl


###################################################################
##
## Holy shit, it worked.
## I've done some test runs with the exe'd dbcompare and it looks 
## like everything is working OK.
##
###################################################################















































