rabbit@Ahasver:~$ perlbrew use 5.22.2_rc1





rabbit@Ahasver:~$ ln -s /bin/true bin/cc




rabbit@Ahasver:~$ ls -l $(which cc)
lrwxrwxrwx 1 rabbit rabbit 9 Apr 11 15:30 /home/rabbit/bin/cc -> /bin/true




rabbit@Ahasver:~$ ls -l .cpan
ls: cannot access .cpan: No such file or directory




rabbit@Ahasver:~$ which cpan
/home/rabbit/perl5/perlbrew/perls/5.22.2_rc1/bin/cpan




rabbit@Ahasver:~$ cpan strictures
Loading internal null logger. Install Log::Log4perl for logging messages

CPAN.pm requires configuration, but most of it can be done automatically.
If you answer 'no' below, you will enter an interactive dialog for each
configuration option instead.

Would you like to configure as much as possible automatically? [yes] 
Fetching with HTTP::Tiny:
http://www.cpan.org/authors/01mailrc.txt.gz
Reading '/home/rabbit/.cpan/sources/authors/01mailrc.txt.gz'
............................................................................DONE
Fetching with HTTP::Tiny:
http://www.cpan.org/modules/02packages.details.txt.gz
Reading '/home/rabbit/.cpan/sources/modules/02packages.details.txt.gz'
  Database was generated on Mon, 11 Apr 2016 13:17:02 GMT
  HTTP::Date not available
............................................................................DONE
Fetching with HTTP::Tiny:
http://www.cpan.org/modules/03modlist.data.gz
Reading '/home/rabbit/.cpan/sources/modules/03modlist.data.gz'
DONE
Writing /home/rabbit/.cpan/Metadata
Running install for module 'strictures'
Fetching with HTTP::Tiny:
http://www.cpan.org/authors/id/H/HA/HAARG/strictures-2.000002.tar.gz
Fetching with HTTP::Tiny:
http://www.cpan.org/authors/id/H/HA/HAARG/CHECKSUMS
Checksum for /home/rabbit/.cpan/sources/authors/id/H/HA/HAARG/strictures-2.000002.tar.gz ok
'YAML' not installed, will not store persistent state
Configuring H/HA/HAARG/strictures-2.000002.tar.gz with Makefile.PL
Couldn't load /tmp/VLchtLXvi0/0fV7D9UH0u.so: /tmp/VLchtLXvi0/0fV7D9UH0u.so: cannot open shared object file: No such file or directory at inc/ExtUtils/HasCompiler.pm line 135.
 at Makefile.PL line 8.
Checking if your kit is complete...
Looks good
Generating a Unix-style Makefile
Writing Makefile for strictures
Writing MYMETA.yml and MYMETA.json
  HAARG/strictures-2.000002.tar.gz
  /home/rabbit/perl5/perlbrew/perls/5.22.2_rc1/bin/perl Makefile.PL -- OK
Running make for H/HA/HAARG/strictures-2.000002.tar.gz
---- Unsatisfied dependencies detected during ----
----     HAARG/strictures-2.000002.tar.gz     ----
    bareword::filehandles [requires,optional]
    multidimensional [requires,optional]
    indirect [requires,optional]
cp lib/strictures.pm blib/lib/strictures.pm
cp lib/strictures/extra.pm blib/lib/strictures/extra.pm
Manifying 2 pod documents
  HAARG/strictures-2.000002.tar.gz
  /usr/bin/make -- OK
Running make test
PERL_DL_NONLAZY=1 "/home/rabbit/perl5/perlbrew/perls/5.22.2_rc1/bin/perl" "-MExtUtils::Command::MM" "-MTest::Harness" "-e" "undef *Test::Harness::Switches; test_harness(0, 'blib/lib', 'blib/arch')" t/*.t
t/crash.t ....... ok   
t/extras.t ...... ok    
t/strictures.t .. ok   
All tests successful.
Files=3, Tests=42,  0 wallclock secs ( 0.03 usr  0.01 sys +  0.10 cusr  0.00 csys =  0.14 CPU)
Result: PASS
  HAARG/strictures-2.000002.tar.gz
  /usr/bin/make test -- OK
Running make install
Manifying 2 pod documents
Installing /home/rabbit/perl5/perlbrew/perls/5.22.2_rc1/lib/site_perl/5.22.2/strictures.pm
Installing /home/rabbit/perl5/perlbrew/perls/5.22.2_rc1/lib/site_perl/5.22.2/strictures/extra.pm
Installing /home/rabbit/perl5/perlbrew/perls/5.22.2_rc1/man/man3/strictures.3
Installing /home/rabbit/perl5/perlbrew/perls/5.22.2_rc1/man/man3/strictures::extra.3
Appending installation info to /home/rabbit/perl5/perlbrew/perls/5.22.2_rc1/lib/5.22.2/x86_64-linux/perllocal.pod
  HAARG/strictures-2.000002.tar.gz
  /usr/bin/make install  -- OK
Running install for module 'indirect'
Fetching with HTTP::Tiny:
http://www.cpan.org/authors/id/V/VP/VPIT/indirect-0.36.tar.gz
Fetching with HTTP::Tiny:
http://www.cpan.org/authors/id/V/VP/VPIT/CHECKSUMS
Checksum for /home/rabbit/.cpan/sources/authors/id/V/VP/VPIT/indirect-0.36.tar.gz ok
Configuring V/VP/VPIT/indirect-0.36.tar.gz with Makefile.PL
Checking if this is gcc 3.4 on Windows trying to link against an import library... no
Checking if your kit is complete...
Looks good
Generating a Unix-style Makefile
Writing Makefile for indirect
Writing MYMETA.yml and MYMETA.json
  VPIT/indirect-0.36.tar.gz
  /home/rabbit/perl5/perlbrew/perls/5.22.2_rc1/bin/perl Makefile.PL -- OK
Running make for V/VP/VPIT/indirect-0.36.tar.gz
cp lib/indirect.pm blib/lib/indirect.pm
Running Mkbootstrap for indirect ()
chmod 644 "indirect.bs"
"/home/rabbit/perl5/perlbrew/perls/5.22.2_rc1/bin/perl" "/home/rabbit/perl5/perlbrew/perls/5.22.2_rc1/lib/5.22.2/ExtUtils/xsubpp"  -typemap "/home/rabbit/perl5/perlbrew/perls/5.22.2_rc1/lib/5.22.2/ExtUtils/typemap"  indirect.xs > indirect.xsc && mv indirect.xsc indirect.c
cc -c   -fwrapv -fno-strict-aliasing -pipe -fstack-protector-strong -I/usr/local/include -D_LARGEFILE_SOURCE -D_FILE_OFFSET_BITS=64 -D_FORTIFY_SOURCE=2 -O2   -DVERSION=\"0.36\" -DXS_VERSION=\"0.36\" -fPIC "-I/home/rabbit/perl5/perlbrew/perls/5.22.2_rc1/lib/5.22.2/x86_64-linux/CORE"   indirect.c
rm -f blib/arch/auto/indirect/indirect.so
cc  -shared -O2 -L/usr/local/lib -fstack-protector-strong indirect.o  -o blib/arch/auto/indirect/indirect.so 	\
     	\
  
chmod 755 blib/arch/auto/indirect/indirect.so
chmod: cannot access ‘blib/arch/auto/indirect/indirect.so’: No such file or directory
Makefile:474: recipe for target 'blib/arch/auto/indirect/indirect.so' failed
make: *** [blib/arch/auto/indirect/indirect.so] Error 1
  VPIT/indirect-0.36.tar.gz
  /usr/bin/make -- NOT OK
Running install for module 'multidimensional'
Fetching with HTTP::Tiny:
http://www.cpan.org/authors/id/I/IL/ILMARI/multidimensional-0.011.tar.gz
Fetching with HTTP::Tiny:
http://www.cpan.org/authors/id/I/IL/ILMARI/CHECKSUMS
Checksum for /home/rabbit/.cpan/sources/authors/id/I/IL/ILMARI/multidimensional-0.011.tar.gz ok
---- Unsatisfied dependencies detected during ----
----   ILMARI/multidimensional-0.011.tar.gz   ----
    ExtUtils::Depends [build_requires]
    B::Hooks::OP::Check [build_requires]
Running install for module 'ExtUtils::Depends'
Fetching with HTTP::Tiny:
http://www.cpan.org/authors/id/X/XA/XAOC/ExtUtils-Depends-0.405.tar.gz
Fetching with HTTP::Tiny:
http://www.cpan.org/authors/id/X/XA/XAOC/CHECKSUMS
Checksum for /home/rabbit/.cpan/sources/authors/id/X/XA/XAOC/ExtUtils-Depends-0.405.tar.gz ok
Configuring X/XA/XAOC/ExtUtils-Depends-0.405.tar.gz with Makefile.PL
Checking if your kit is complete...
Looks good
Generating a Unix-style Makefile
Writing Makefile for ExtUtils::Depends
Writing MYMETA.yml and MYMETA.json
  XAOC/ExtUtils-Depends-0.405.tar.gz
  /home/rabbit/perl5/perlbrew/perls/5.22.2_rc1/bin/perl Makefile.PL -- OK
Running make for X/XA/XAOC/ExtUtils-Depends-0.405.tar.gz
---- Unsatisfied dependencies detected during ----
----    XAOC/ExtUtils-Depends-0.405.tar.gz    ----
    Test::Number::Delta [build_requires,optional]
cp lib/ExtUtils/Depends.pm blib/lib/ExtUtils/Depends.pm
Manifying 1 pod document
  XAOC/ExtUtils-Depends-0.405.tar.gz
  /usr/bin/make -- OK
Running make test
PERL_DL_NONLAZY=1 "/home/rabbit/perl5/perlbrew/perls/5.22.2_rc1/bin/perl" "-MExtUtils::Command::MM" "-MTest::Harness" "-e" "undef *Test::Harness::Switches; test_harness(0, 'blib/lib', 'blib/arch')" t/*.t
t/01_load.t ........ ok   
t/02_save_load.t ... ok     
t/03_deps.t ........ ok   
t/04_extra_libs.t .. skipped: test only for 'MSWin32', 'cygwin', and 'android'
All tests successful.
Files=4, Tests=43,  1 wallclock secs ( 0.04 usr  0.01 sys +  0.27 cusr  0.00 csys =  0.32 CPU)
Result: PASS
  XAOC/ExtUtils-Depends-0.405.tar.gz
  /usr/bin/make test -- OK
Running make install
Manifying 1 pod document
Installing /home/rabbit/perl5/perlbrew/perls/5.22.2_rc1/lib/site_perl/5.22.2/ExtUtils/Depends.pm
Installing /home/rabbit/perl5/perlbrew/perls/5.22.2_rc1/man/man3/ExtUtils::Depends.3
Appending installation info to /home/rabbit/perl5/perlbrew/perls/5.22.2_rc1/lib/5.22.2/x86_64-linux/perllocal.pod
  XAOC/ExtUtils-Depends-0.405.tar.gz
  /usr/bin/make install  -- OK
Running install for module 'Test::Number::Delta'
Fetching with HTTP::Tiny:
http://www.cpan.org/authors/id/D/DA/DAGOLDEN/Test-Number-Delta-1.06.tar.gz
Fetching with HTTP::Tiny:
http://www.cpan.org/authors/id/D/DA/DAGOLDEN/CHECKSUMS
Checksum for /home/rabbit/.cpan/sources/authors/id/D/DA/DAGOLDEN/Test-Number-Delta-1.06.tar.gz ok
Configuring D/DA/DAGOLDEN/Test-Number-Delta-1.06.tar.gz with Makefile.PL
Checking if your kit is complete...
Looks good
Generating a Unix-style Makefile
Writing Makefile for Test::Number::Delta
Writing MYMETA.yml and MYMETA.json
  DAGOLDEN/Test-Number-Delta-1.06.tar.gz
  /home/rabbit/perl5/perlbrew/perls/5.22.2_rc1/bin/perl Makefile.PL -- OK
Running make for D/DA/DAGOLDEN/Test-Number-Delta-1.06.tar.gz
cp lib/Test/Number/Delta.pm blib/lib/Test/Number/Delta.pm
Manifying 1 pod document
  DAGOLDEN/Test-Number-Delta-1.06.tar.gz
  /usr/bin/make -- OK
Running make test
PERL_DL_NONLAZY=1 "/home/rabbit/perl5/perlbrew/perls/5.22.2_rc1/bin/perl" "-MExtUtils::Command::MM" "-MTest::Harness" "-e" "undef *Test::Harness::Switches; test_harness(0, 'blib/lib', 'blib/arch')" t/*.t
t/00-report-prereqs.t .............. # 
# Versions for all modules listed in MYMETA.json (including optional ones):
# 
# === Configure Requires ===
# 
#     Module              Want    Have
#     ------------------- ---- -------
#     ExtUtils::MakeMaker 6.17 7.04_01
# 
# === Build Requires ===
# 
#     Module              Want    Have
#     ------------------- ---- -------
#     ExtUtils::MakeMaker  any 7.04_01
# 
# === Test Requires ===
# 
#     Module                Want     Have
#     --------------------- ---- --------
#     ExtUtils::MakeMaker    any  7.04_01
#     File::Spec             any  3.56_01
#     Test::Builder::Tester 1.02     1.28
#     Test::More             any 1.001014
# 
# === Test Recommends ===
# 
#     Module         Want     Have
#     ---------- -------- --------
#     CPAN::Meta 2.120900 2.150001
# 
# === Runtime Requires ===
# 
#     Module        Want     Have
#     ------------- ---- --------
#     Carp           any     1.36
#     Exporter       any     5.72
#     Test::Builder  any 1.001014
#     strict         any     1.09
#     vars           any     1.03
#     warnings       any     1.34
# 
t/00-report-prereqs.t .............. ok   
t/01-module-basics.t ............... ok   
t/02-delta.t ....................... ok     
t/03-specify_epsilon.t ............. ok   
t/04-specify_relative.t ............ ok     
t/05-check_bad_param.t ............. ok   
t/06-plan_passthrough.t ............ ok   
t/07-noplan_passthrough.t .......... ok   
t/08-param_and_plan_passthrough.t .. ok   
t/09-bad_param_plan_order.t ........ ok   
t/10-specify_negative_epsilon.t .... ok   
t/11-specify_negative_relative.t ... ok     
All tests successful.
Files=12, Tests=72,  0 wallclock secs ( 0.06 usr  0.03 sys +  0.42 cusr  0.03 csys =  0.54 CPU)
Result: PASS
  DAGOLDEN/Test-Number-Delta-1.06.tar.gz
  /usr/bin/make test -- OK
Running make install
Manifying 1 pod document
Installing /home/rabbit/perl5/perlbrew/perls/5.22.2_rc1/lib/site_perl/5.22.2/Test/Number/Delta.pm
Installing /home/rabbit/perl5/perlbrew/perls/5.22.2_rc1/man/man3/Test::Number::Delta.3
Appending installation info to /home/rabbit/perl5/perlbrew/perls/5.22.2_rc1/lib/5.22.2/x86_64-linux/perllocal.pod
  DAGOLDEN/Test-Number-Delta-1.06.tar.gz
  /usr/bin/make install  -- OK
Running install for module 'B::Hooks::OP::Check'
Fetching with HTTP::Tiny:
http://www.cpan.org/authors/id/Z/ZE/ZEFRAM/B-Hooks-OP-Check-0.19.tar.gz
Fetching with HTTP::Tiny:
http://www.cpan.org/authors/id/Z/ZE/ZEFRAM/CHECKSUMS
Checksum for /home/rabbit/.cpan/sources/authors/id/Z/ZE/ZEFRAM/B-Hooks-OP-Check-0.19.tar.gz ok
Configuring Z/ZE/ZEFRAM/B-Hooks-OP-Check-0.19.tar.gz with Makefile.PL
Checking if your kit is complete...
Looks good
Generating a Unix-style Makefile
Writing Makefile for B::Hooks::OP::Check
Writing MYMETA.yml and MYMETA.json
  ZEFRAM/B-Hooks-OP-Check-0.19.tar.gz
  /home/rabbit/perl5/perlbrew/perls/5.22.2_rc1/bin/perl Makefile.PL -- OK
Running make for Z/ZE/ZEFRAM/B-Hooks-OP-Check-0.19.tar.gz
cp build/IFiles.pm blib/arch/B/Hooks/OP/Check/Install/Files.pm
cp lib/B/Hooks/OP/Check.pm blib/lib/B/Hooks/OP/Check.pm
cp hook_op_check.h blib/arch/B/Hooks/OP/Check/Install/hook_op_check.h
Running Mkbootstrap for B::Hooks::OP::Check ()
chmod 644 "Check.bs"
"/home/rabbit/perl5/perlbrew/perls/5.22.2_rc1/bin/perl" "-Iinc" "/home/rabbit/perl5/perlbrew/perls/5.22.2_rc1/lib/5.22.2/ExtUtils/xsubpp"  -typemap "/home/rabbit/perl5/perlbrew/perls/5.22.2_rc1/lib/5.22.2/ExtUtils/typemap"  Check.xs > Check.xsc && mv Check.xsc Check.c
cc -c   -fwrapv -fno-strict-aliasing -pipe -fstack-protector-strong -I/usr/local/include -D_LARGEFILE_SOURCE -D_FILE_OFFSET_BITS=64 -D_FORTIFY_SOURCE=2 -O2   -DVERSION=\"0.19\" -DXS_VERSION=\"0.19\" -fPIC "-I/home/rabbit/perl5/perlbrew/perls/5.22.2_rc1/lib/5.22.2/x86_64-linux/CORE"   Check.c
rm -f blib/arch/auto/B/Hooks/OP/Check/Check.so
cc  -shared -O2 -L/usr/local/lib -fstack-protector-strong Check.o  -o blib/arch/auto/B/Hooks/OP/Check/Check.so 	\
     	\
  
chmod 755 blib/arch/auto/B/Hooks/OP/Check/Check.so
chmod: cannot access ‘blib/arch/auto/B/Hooks/OP/Check/Check.so’: No such file or directory
Makefile:493: recipe for target 'blib/arch/auto/B/Hooks/OP/Check/Check.so' failed
make: *** [blib/arch/auto/B/Hooks/OP/Check/Check.so] Error 1
  ZEFRAM/B-Hooks-OP-Check-0.19.tar.gz
  /usr/bin/make -- NOT OK
  ILMARI/multidimensional-0.011.tar.gz
  Has already been unwrapped into directory /home/rabbit/.cpan/build/multidimensional-0.011-OBD2Xd
Warning: Prerequisite 'B::Hooks::OP::Check => 0' for 'ILMARI/multidimensional-0.011.tar.gz' failed when processing 'ZEFRAM/B-Hooks-OP-Check-0.19.tar.gz' with 'make => NO'. Continuing, but chances to succeed are limited.
Configuring I/IL/ILMARI/multidimensional-0.011.tar.gz with Makefile.PL
 *** Can't load dependency information for B::Hooks::OP::Check:
   Can't locate B/Hooks/OP/Check/Install/Files.pm in @INC (you may need to install the B::Hooks::OP::Check::Install::Files module) (@INC contains: /home/rabbit/perl5/perlbrew/perls/5.22.2_rc1/lib/site_perl/5.22.2/x86_64-linux /home/rabbit/perl5/perlbrew/perls/5.22.2_rc1/lib/site_perl/5.22.2 /home/rabbit/perl5/perlbrew/perls/5.22.2_rc1/lib/5.22.2/x86_64-linux /home/rabbit/perl5/perlbrew/perls/5.22.2_rc1/lib/5.22.2 .) at /home/rabbit/perl5/perlbrew/perls/5.22.2_rc1/lib/site_perl/5.22.2/ExtUtils/Depends.pm line 185.

Warning: No success on command[/home/rabbit/perl5/perlbrew/perls/5.22.2_rc1/bin/perl Makefile.PL]
  ILMARI/multidimensional-0.011.tar.gz
  /home/rabbit/perl5/perlbrew/perls/5.22.2_rc1/bin/perl Makefile.PL -- NOT OK
Running install for module 'bareword::filehandles'
Fetching with HTTP::Tiny:
http://www.cpan.org/authors/id/I/IL/ILMARI/bareword-filehandles-0.003.tar.gz
Checksum for /home/rabbit/.cpan/sources/authors/id/I/IL/ILMARI/bareword-filehandles-0.003.tar.gz ok
---- Unsatisfied dependencies detected during ----
---- ILMARI/bareword-filehandles-0.003.tar.gz ----
    B::Hooks::OP::Check [build_requires]
Running install for module 'B::Hooks::OP::Check'
  ZEFRAM/B-Hooks-OP-Check-0.19.tar.gz
  Has already been unwrapped into directory /home/rabbit/.cpan/build/B-Hooks-OP-Check-0.19-MVP5zo
  ZEFRAM/B-Hooks-OP-Check-0.19.tar.gz
  Has already been prepared
  ZEFRAM/B-Hooks-OP-Check-0.19.tar.gz
  Could not make: Unknown error

  ILMARI/bareword-filehandles-0.003.tar.gz
  Has already been unwrapped into directory /home/rabbit/.cpan/build/bareword-filehandles-0.003-jvRDiH
Warning: Prerequisite 'B::Hooks::OP::Check => 0' for 'ILMARI/bareword-filehandles-0.003.tar.gz' failed when processing 'ZEFRAM/B-Hooks-OP-Check-0.19.tar.gz' with 'make => NO'. Continuing, but chances to succeed are limited.
Configuring I/IL/ILMARI/bareword-filehandles-0.003.tar.gz with Makefile.PL
 *** Can't load dependency information for B::Hooks::OP::Check:
   Can't locate B/Hooks/OP/Check/Install/Files.pm in @INC (you may need to install the B::Hooks::OP::Check::Install::Files module) (@INC contains: /home/rabbit/perl5/perlbrew/perls/5.22.2_rc1/lib/site_perl/5.22.2/x86_64-linux /home/rabbit/perl5/perlbrew/perls/5.22.2_rc1/lib/site_perl/5.22.2 /home/rabbit/perl5/perlbrew/perls/5.22.2_rc1/lib/5.22.2/x86_64-linux /home/rabbit/perl5/perlbrew/perls/5.22.2_rc1/lib/5.22.2 .) at /home/rabbit/perl5/perlbrew/perls/5.22.2_rc1/lib/site_perl/5.22.2/ExtUtils/Depends.pm line 185.

Warning: No success on command[/home/rabbit/perl5/perlbrew/perls/5.22.2_rc1/bin/perl Makefile.PL]
  ILMARI/bareword-filehandles-0.003.tar.gz
  /home/rabbit/perl5/perlbrew/perls/5.22.2_rc1/bin/perl Makefile.PL -- NOT OK





rabbit@Ahasver:~$ echo $?
1




rabbit@Ahasver:~$ perl -Mstrictures\ 999
strictures version 999 required--this is only version 2.000002.
BEGIN failed--compilation aborted.
