Microsoft Windows XP [Version 5.1.2600]
(C) Copyright 1985-2001 Microsoft Corp.

C:\Dokumente und Einstellungen\Melanie>doskey

C:\Dokumente und Einstellungen\Melanie>cpan

cpan shell -- CPAN exploration and modules installation (v1.9800)
Enter 'h' for help.


cpan> look Tcl
Database was generated on Tue, 03 Apr 2012 17:11:42 GMT
Running look for module 'Tcl'

Trying to open a subshell in the build directory...
Checksum for E:\Programme\strawberry\cpan\sources\authors\id\V\VK\VKON\Tcl-1.02.
tar.gz ok
Scanning cache E:\Programme\strawberry\cpan\build for sizes
............................................................................DONE

Working directory is E:\Programme\strawberry\cpan\build\Tcl-1.02-wfPDsa
Microsoft Windows XP [Version 5.1.2600]
(C) Copyright 1985-2001 Microsoft Corp.

E:\Programme\strawberry\cpan\build\Tcl-1.02-wfPDsa>copy "e:\Installationsmateria
l\Perl\Strawberry Perl\strawberry-perl.patch" .
        1 Datei(en) kopiert.

E:\Programme\strawberry\cpan\build\Tcl-1.02-wfPDsa>patch < strawberry-perl.patch

patching file Makefile.PL
Hunk #1 succeeded at 196 (offset 14 lines).
Hunk #2 FAILED at 264.
1 out of 2 hunks FAILED -- saving rejects to file Makefile.PL.rej
patching file Tcl.xs
Hunk #1 succeeded at 602 (offset 11 lines).
Hunk #2 succeeded at 692 (offset 11 lines).
Hunk #3 succeeded at 979 (offset 23 lines).
Hunk #4 succeeded at 995 (offset 23 lines).

E:\Programme\strawberry\cpan\build\Tcl-1.02-wfPDsa>perl Makefile.PL
Der Befehl "tclsh" ist entweder falsch geschrieben oder
konnte nicht gefunden werden.
Use of uninitialized value $tclver in pattern match (m//) at Makefile.PL line 18
6.
Use of uninitialized value $vmaj in numeric lt (<) at Makefile.PL line 187.
Use of uninitialized value $vmaj in concatenation (.) or string at Makefile.PL l
ine 187.
Use of uninitialized value $vmin in concatenation (.) or string at Makefile.PL l
ine 187.
Tcl requires Tcl v8.4 or greater, found '.'

E:\Programme\strawberry\cpan\build\Tcl-1.02-wfPDsa>dmake
dmake:  Error: -- No target

E:\Programme\strawberry\cpan\build\Tcl-1.02-wfPDsa>